Fetch the controller's sealing certificate into the repo

Usage:
  waxseal cert fetch [flags]

Flags:
  -h, --help   help for fetch

Global Flags:
      --dry-run         show what would change without changing anything
      --no-color        disable colour
      --no-input        never prompt; fail if an input is missing
  -o, --output string   output format: text or json (default "text")
      --repo string     path to the repository (default ".")
      --verbose         log subprocess calls and debug detail to stderr
  -y, --yes             answer yes to confirmations
