Change a key's rotation mode, generator or expiry (metadata only), or a
computed key's template and values (stores a new payload version and
reseals; the secret part is untouched).

Usage:
  waxseal key edit [secret] [key] [flags]

Flags:
      --bytes int           random bytes for the generator (default 32)
      --expires string      expiry date (YYYY-MM-DD or RFC 3339), or 'none' to clear
      --generator string    generator for generated keys (randomBase64|randomHex)
  -h, --help                help for edit
      --param stringArray   template value as name=value (repeatable)
      --rotation string     how the key is rotated (generated|external|static|unknown)
      --template string     make this a computed key rendered from the template; {{secret}} is the stored value

Global Flags:
      --dry-run         show what would change without changing anything
      --no-color        disable colour
      --no-input        never prompt; fail if an input is missing
  -o, --output string   output format: text or json (default "text")
      --repo string     path to the repository (default ".")
      --verbose         log subprocess calls and debug detail to stderr
  -y, --yes             answer yes to confirmations
