{
  "summary": "rotated 1 key(s) in my-app-secrets",
  "dryRun": true,
  "changes": [
    {
      "op": "create",
      "kind": "gsm-version",
      "target": "projects/waxseal-test-project/secrets/my-app-database-password"
    },
    {
      "op": "update",
      "kind": "metadata",
      "target": ".waxseal/metadata/my-app-secrets.yaml"
    },
    {
      "op": "update",
      "kind": "manifest",
      "target": "apps/my-app/sealed-secret.yaml"
    }
  ],
  "next": [
    "commit the changed files: .waxseal/metadata/my-app-secrets.yaml apps/my-app/sealed-secret.yaml"
  ],
  "rotated": [
    "database_password"
  ],
  "skipped": [
    "api_key",
    "DATABASE_URL",
    "database_username"
  ]
}
