{
  "summary": "tls-cert retired",
  "dryRun": true,
  "changes": [
    {
      "op": "update",
      "kind": "metadata",
      "target": "<repo>/.waxseal/metadata/tls-cert.yaml"
    },
    {
      "op": "delete",
      "kind": "manifest",
      "target": "apps/ingress/tls-sealed-secret.yaml"
    }
  ],
  "next": [
    "commit the changed files: <repo>/.waxseal/metadata/tls-cert.yaml apps/ingress/tls-sealed-secret.yaml"
  ]
}
